
> maths-olympiad@1.0.0 build
> next build

node.exe :  ΓÜá Attempted to load @next/swc-win32-x64-msvc, but an error 
occurred: \\?\C:\Users\User\Desktop\maths 
sow\node_modules\@next\swc-win32-x64-msvc\next-swc.win32-x64-msvc.node 
is not a valid Win32 application.
At line:1 char:1
+ & "C:\Program Files\nodejs/node.exe" "C:\Users\User\AppData\Roaming\n 
...
+ ~~~~~~~~~~~~~~~~~~~~~~~~~~~~~~~~~~~~~~~~~~~~~~~~~~~~~~~~~~~~~~~~~~~~~
    + CategoryInfo          : NotSpecified: ( ΓÜá Attempted ...32 applic 
   ation.:String) [], RemoteException
    + FullyQualifiedErrorId : NativeCommandError
 
\\?\C:\Users\User\Desktop\maths 
sow\node_modules\@next\swc-win32-x64-msvc\next-swc.win32-x64-msvc.node
   Γû▓ Next.js 15.5.20
   - Environments: .env.local

   Creating an optimized production build ...
 ΓÜá Attempted to load @next/swc-win32-x64-msvc, but an error occurred: 
\\?\C:\Users\User\Desktop\maths 
sow\node_modules\@next\swc-win32-x64-msvc\next-swc.win32-x64-msvc.node 
is not a valid Win32 application.
\\?\C:\Users\User\Desktop\maths 
sow\node_modules\@next\swc-win32-x64-msvc\next-swc.win32-x64-msvc.node
 ΓÜá Attempted to load @next/swc-win32-x64-msvc, but an error occurred: 
\\?\C:\Users\User\Desktop\maths 
sow\node_modules\@next\swc-win32-x64-msvc\next-swc.win32-x64-msvc.node 
is not a valid Win32 application.
\\?\C:\Users\User\Desktop\maths 
sow\node_modules\@next\swc-win32-x64-msvc\next-swc.win32-x64-msvc.node
 ΓÜá Attempted to load @next/swc-win32-x64-msvc, but an error occurred: 
\\?\C:\Users\User\Desktop\maths 
sow\node_modules\@next\swc-win32-x64-msvc\next-swc.win32-x64-msvc.node 
is not a valid Win32 application.
\\?\C:\Users\User\Desktop\maths 
sow\node_modules\@next\swc-win32-x64-msvc\next-swc.win32-x64-msvc.node
<w> [webpack.cache.PackFileCacheStrategy] Skipped not serializable cache 
item 'Compilation/modules|C:\Users\User\Desktop\maths sow\node_modules\ne
xt\dist\build\webpack\loaders\css-loader\src\index.js??ruleSet[1].rules[1
4].oneOf[10].use[2]!C:\Users\User\Desktop\maths sow\node_modules\next\dis
t\build\webpack\loaders\postcss-loader\src\index.js??ruleSet[1].rules[14]
.oneOf[10].use[3]!C:\Users\User\Desktop\maths sow\app\globals.css': No 
serializer registered for PostCSSSyntaxError
<w> while serializing 
webpack/lib/cache/PackFileCacheStrategy.PackContentItems -> 
webpack/lib/NormalModule -> webpack/lib/ModuleBuildError -> 
PostCSSSyntaxError
Failed to compile.

./app/globals.css:17:3
Syntax error: C:\Users\User\Desktop\maths sow\app\globals.css The 
`font-inter` class does not exist. If `font-inter` is a custom class, 
make sure it is defined within a `@layer` directive.

 [90m 15 | [39m
 [90m 16 | [39mbody [33m{[39m
[1m[31m>[39m[22m[90m 17 | [39m  [36m@apply[39m bg-white 
text-ink-navy font-inter[33m;[39m
 [90m    | [39m  [1m[31m^[39m[22m
 [90m 18 | [39m[33m}[39m
 [90m 19 | [39m

./app/globals.css
Syntax error: C:\Users\User\Desktop\maths sow\app\globals.css The 
`font-inter` class does not exist. If `font-inter` is a custom class, 
make sure it is defined within a `@layer` directive. (17:3)

 [90m 15 | [39m
 [90m 16 | [39mbody [33m{[39m
[1m[31m>[39m[22m[90m 17 | [39m  [36m@apply[39m bg-white 
text-ink-navy font-inter[33m;[39m
 [90m    | [39m  [1m[31m^[39m[22m
 [90m 18 | [39m[33m}[39m
 [90m 19 | [39m

    at tryRunOrWebpackError (C:\Users\User\Desktop\maths 
sow\node_modules\next\dist\compiled\webpack\bundle5.js:29:316119)
    at __webpack_require_module__ (C:\Users\User\Desktop\maths 
sow\node_modules\next\dist\compiled\webpack\bundle5.js:29:131532)
    at __nested_webpack_require_161494__ (C:\Users\User\Desktop\maths 
sow\node_modules\next\dist\compiled\webpack\bundle5.js:29:130967)
    at C:\Users\User\Desktop\maths 
sow\node_modules\next\dist\compiled\webpack\bundle5.js:29:131824
    at symbolIterator (C:\Users\User\Desktop\maths 
sow\node_modules\next\dist\compiled\neo-async\async.js:1:14444)
    at done (C:\Users\User\Desktop\maths 
sow\node_modules\next\dist\compiled\neo-async\async.js:1:14824)
    at Hook.eval [as callAsync] (eval at create 
(C:\Users\User\Desktop\maths 
sow\node_modules\next\dist\compiled\webpack\bundle5.js:14:9224), 
<anonymous>:15:1)
    at Hook.CALL_ASYNC_DELEGATE [as _callAsync] 
(C:\Users\User\Desktop\maths 
sow\node_modules\next\dist\compiled\webpack\bundle5.js:14:6378)
    at C:\Users\User\Desktop\maths 
sow\node_modules\next\dist\compiled\webpack\bundle5.js:29:130687
    at symbolIterator (C:\Users\User\Desktop\maths 
sow\node_modules\next\dist\compiled\neo-async\async.js:1:14402)
-- inner error --
Syntax error: C:\Users\User\Desktop\maths sow\app\globals.css The 
`font-inter` class does not exist. If `font-inter` is a custom class, 
make sure it is defined within a `@layer` directive. (17:3)

 [90m 15 | [39m
 [90m 16 | [39mbody [33m{[39m
[1m[31m>[39m[22m[90m 17 | [39m  [36m@apply[39m bg-white 
text-ink-navy font-inter[33m;[39m
 [90m    | [39m  [1m[31m^[39m[22m
 [90m 18 | [39m[33m}[39m
 [90m 19 | [39m

    at Object.<anonymous> (C:\Users\User\Desktop\maths sow\node_modules\n
ext\dist\build\webpack\loaders\css-loader\src\index.js??ruleSet[1].rules[
14].oneOf[10].use[2]!C:\Users\User\Desktop\maths sow\node_modules\next\di
st\build\webpack\loaders\postcss-loader\src\index.js??ruleSet[1].rules[14
].oneOf[10].use[3]!C:\Users\User\Desktop\maths sow\app\globals.css:1:7)
    at C:\Users\User\Desktop\maths 
sow\node_modules\next\dist\compiled\webpack\bundle5.js:29:962717
    at Hook.eval [as call] (eval at create (C:\Users\User\Desktop\maths 
sow\node_modules\next\dist\compiled\webpack\bundle5.js:14:9002), 
<anonymous>:7:1)
    at Hook.CALL_DELEGATE [as _call] (C:\Users\User\Desktop\maths 
sow\node_modules\next\dist\compiled\webpack\bundle5.js:14:6272)
    at C:\Users\User\Desktop\maths 
sow\node_modules\next\dist\compiled\webpack\bundle5.js:29:131565
    at tryRunOrWebpackError (C:\Users\User\Desktop\maths 
sow\node_modules\next\dist\compiled\webpack\bundle5.js:29:316073)
    at __webpack_require_module__ (C:\Users\User\Desktop\maths 
sow\node_modules\next\dist\compiled\webpack\bundle5.js:29:131532)
    at __nested_webpack_require_161494__ (C:\Users\User\Desktop\maths 
sow\node_modules\next\dist\compiled\webpack\bundle5.js:29:130967)
    at C:\Users\User\Desktop\maths 
sow\node_modules\next\dist\compiled\webpack\bundle5.js:29:131824
    at symbolIterator (C:\Users\User\Desktop\maths 
sow\node_modules\next\dist\compiled\neo-async\async.js:1:14444)

Generated code for C:\Users\User\Desktop\maths sow\node_modules\next\dist
\build\webpack\loaders\css-loader\src\index.js??ruleSet[1].rules[14].oneO
f[10].use[2]!C:\Users\User\Desktop\maths sow\node_modules\next\dist\build
\webpack\loaders\postcss-loader\src\index.js??ruleSet[1].rules[14].oneOf[
10].use[3]!C:\Users\User\Desktop\maths sow\app\globals.css

Import trace for requested module:
./app/globals.css


> Build failed because of webpack errors
