
> maths-olympiad@1.0.0 build
> next build

node.exe :  ΓÜá Attempted to load 
@next/swc-win32-x64-msvc, but an error occurred: 
\\?\C:\Users\User\Desktop\maths sow\node_modules\
@next\swc-win32-x64-msvc\next-swc.win32-x64-msvc.
node is not a valid Win32 application.
At line:1 char:1
+ & "C:\Program Files\nodejs/node.exe" 
"C:\Users\User\AppData\Roaming\n ...
+ ~~~~~~~~~~~~~~~~~~~~~~~~~~~~~~~~~~~~~~~~~~~~~~~
~~~~~~~~~~~~~~~~~~~~~~
    + CategoryInfo          : NotSpecified: ( ΓÜ 
   á Attempted ...32 application.:String) [], R  
  emoteException
    + FullyQualifiedErrorId : NativeCommandError
 
\\?\C:\Users\User\Desktop\maths sow\node_modules\
@next\swc-win32-x64-msvc\next-swc.win32-x64-msvc.
node
   Γû▓ Next.js 15.5.20
   - Environments: .env.local

   Creating an optimized production build ...
 ΓÜá Attempted to load @next/swc-win32-x64-msvc, 
but an error occurred: 
\\?\C:\Users\User\Desktop\maths sow\node_modules\
@next\swc-win32-x64-msvc\next-swc.win32-x64-msvc.
node is not a valid Win32 application.
\\?\C:\Users\User\Desktop\maths sow\node_modules\
@next\swc-win32-x64-msvc\next-swc.win32-x64-msvc.
node
 ΓÜá Attempted to load @next/swc-win32-x64-msvc, 
but an error occurred: 
\\?\C:\Users\User\Desktop\maths sow\node_modules\
@next\swc-win32-x64-msvc\next-swc.win32-x64-msvc.
node is not a valid Win32 application.
\\?\C:\Users\User\Desktop\maths sow\node_modules\
@next\swc-win32-x64-msvc\next-swc.win32-x64-msvc.
node
 ΓÜá Attempted to load @next/swc-win32-x64-msvc, 
but an error occurred: 
\\?\C:\Users\User\Desktop\maths sow\node_modules\
@next\swc-win32-x64-msvc\next-swc.win32-x64-msvc.
node is not a valid Win32 application.
\\?\C:\Users\User\Desktop\maths sow\node_modules\
@next\swc-win32-x64-msvc\next-swc.win32-x64-msvc.
node
 Γ£ô Compiled successfully in 6.8s
   Linting and checking validity of types ...
Failed to compile.

./app/room/[code]/leaderboard/page.tsx:60:19
Type error: 'data' is declared but its value is 
never read.

[0m [90m 58 |[39m
 [90m 59 |[39m           [36mif[39m 
(res[33m.[39mok) {
[31m[1m>[22m[39m[90m 60 |[39m             
[36mconst[39m data [33m=[39m [36mawait[39m 
res[33m.[39mjson()[33m;[39m
 [90m    |[39m                   
[31m[1m^[22m[39m
 [90m 61 |[39m             [90m// Refetch 
certificates after creation[39m
 [90m 62 |[39m             [36mconst[39m { 
data[33m:[39m newCerts } [33m=[39m 
[36mawait[39m supabase
 [90m 63 |[39m               [33m.[39m[36mfr
om[39m([32m'certificates'[39m)[0m
Next.js build worker exited with code: 1 and 
signal: null
